// Jest Snapshot v1, https://goo.gl/fbAQLP

exports[`About component matches snapshot 1`] = `
<DocumentFragment>
  <section>
    <h1
      id="about"
    >
      About Me
    </h1>
    <img
      alt="cover"
      class="my-2"
      src="headshot.png"
      style="width: 20%;"
    />
    <div
      class="my-2"
    >
      <p>
        I am a full stack web developer in training with a background in hospitality and a passion for creating. I am a working towards a full-stack web development certificate at the University of Minnesota Coding Bootcamp, where I learned the skills needed to build web applications using HTML, CSS, JavaScript, jQuery, Node.js, Express.js, MySQL, MongoDB, and React. I am currently seeking a position as a full stack web developer.
      </p>
    </div>
  </section>
</DocumentFragment>
`;
