// Jest Snapshot v1, https://goo.gl/fbAQLP

exports[`Navigation component matches snapshot 1`] = `
<DocumentFragment>
  <nav>
    <ul />
  </nav>
</DocumentFragment>
`;
